// Jest Snapshot v1, https://goo.gl/fbAQLP

exports[`HandleAppState Component should render correctly by default 1`] = `
<ContextConsumer>
  <Component />
</ContextConsumer>
`;
